taxonomy,structural
"RC+",1.81791E+03
"RM",4.49522E+03
