event_tag,year,business_interruption,contents,nonstructural,occupants:float32,structural
grp=02~ses=0002~src=1~rup=522-01,2,6.80113E+02,4.73202E+03,6.45122E+03,1.36023E-02,2.09357E+03
