=== ===================== =========== ============= =========== ===========
rlz business_interruption contents    nonstructural occupants   structural 
=== ===================== =========== ============= =========== ===========
0   6.05899E+02           3.99435E+03 6.23191E+03   1.21180E-02 6.27914E+02
1   5.11574E+02           3.46782E+03 5.14254E+03   1.02315E-02 7.82441E+02
2   5.40284E+02           3.89504E+03 5.29481E+03   1.08057E-02 1.57889E+03
3   6.80113E+02           4.73202E+03 6.45122E+03   1.36023E-02 2.09357E+03
=== ===================== =========== ============= =========== ===========