========= =========== ============= ============ ===================================================
asset_ref taxonomy    lon           lat          structural                                         
========= =========== ============= ============ ===================================================
a6        "MC-RLSB-2" -7.816800E+01 1.559329E+01 0.000000E+00 0.000000E+00 0.000000E+00 0.000000E+00
a7        "MS-SLSB-1" -7.816812E+01 1.559329E+01 0.000000E+00 0.000000E+00 0.000000E+00 0.000000E+00
========= =========== ============= ============ ===================================================