=== ===========
rlz structural 
=== ===========
0   4.07460E+07
=== ===========